julia> using LinearAlgebra

julia> A = rand(4,4)
4×4 Matrix{Float64}:
 0.923888   0.0555386  0.464416  0.828117
 0.763878   0.688655   0.482013  0.17317
 0.0156241  0.195078   0.728076  0.618846
 0.662687   0.915495   0.841519  0.520501

julia> typeof(A)
Matrix{Float64} (alias for Array{Float64, 2})

julia> det(A)
0.0866332382945784

julia> inv(A)
4×4 Matrix{Float64}:
  0.455803    2.40039   0.317141  -1.90085
 -0.0479714  -3.84379  -2.69655    4.56118
 -1.13472     5.80037   4.27305   -5.20484
  1.33862    -5.6731   -2.56934    4.7337

julia> rank(A)
4

julia> A = rand(1:10, 5, 5)
5×5 Matrix{Int64}:
  7   3   1   4  3
  1   5   8  10  3
  7   1   8   6  2
  4   7  10   4  8
 10  10   2   6  2

julia> b = rand(5)
5-element Vector{Float64}:
 0.380440635990961
 0.7660801925576564
 0.9447889220181273
 0.08029050954973715
 0.77106666997392

julia> inv(A)*b
5-element Vector{Float64}:
  0.054401471866758214
 -0.008109241769112346
  0.04399058195374511
  0.07005546627154224
 -0.10008479626964117

julia> A/B
ERROR: UndefVarError: `B` not defined
Stacktrace:
 [1] top-level scope
   @ REPL[10]:1

julia> A\b
5-element Vector{Float64}:
  0.054401471866758214
 -0.008109241769112327
  0.04399058195374514
  0.07005546627154223
 -0.1000847962696412

julia> lu(A)\b
5-element Vector{Float64}:
  0.054401471866758214
 -0.008109241769112327
  0.04399058195374514
  0.07005546627154223
 -0.1000847962696412

julia> lu(A)
LU{Float64, Matrix{Float64}, Vector{Int64}}
L factor:
5×5 Matrix{Float64}:
 1.0   0.0        0.0     0.0        0.0
 0.7   1.0        0.0     0.0        0.0
 0.4  -0.5        1.0     0.0        0.0
 0.1  -0.666667   0.976   1.0        0.0
 0.7   0.666667  -0.384  -0.0539216  1.0
U factor:
5×5 Matrix{Float64}:
 10.0  10.0   2.0  6.0    2.0
  0.0  -6.0   6.6  1.8    0.6
  0.0   0.0  12.5  2.5    7.5
  0.0   0.0   0.0  8.16  -4.12
  0.0   0.0   0.0  0.0    3.85784

julia> typeof(lu(A))
LU{Float64, Matrix{Float64}, Vector{Int64}}

julia> supertype(LU)
Factorization
